#
# There is insufficient memory for the Java Runtime Environment to continue.
# Native memory allocation (malloc) failed to allocate 32744 bytes. Error detail: Chunk::new
# Possible reasons:
#   The system is out of physical RAM or swap space
#   This process is running with CompressedOops enabled, and the Java Heap may be blocking the growth of the native heap
# Possible solutions:
#   Reduce memory load on the system
#   Increase physical memory or swap space
#   Check if swap backing store is full
#   Decrease Java heap size (-Xmx/-Xms)
#   Decrease number of Java threads
#   Decrease Java thread stack sizes (-Xss)
#   Set larger code cache with -XX:ReservedCodeCacheSize=
#   JVM is running with Unscaled Compressed Oops mode in which the Java heap is
#     placed in the first 4GB address space. The Java Heap base address is the
#     maximum limit for the native heap growth. Please use -XX:HeapBaseMinAddress
#     to set the Java Heap base and to place the Java Heap above 4GB virtual address.
# This output file may be truncated or incomplete.
#
#  Out of Memory Error (arena.cpp:162), pid=55768, tid=49624
#
# JRE version: OpenJDK Runtime Environment (24.0.1+9) (build 24.0.1+9-30)
# Java VM: OpenJDK 64-Bit Server VM (24.0.1+9-30, mixed mode, emulated-client, sharing, tiered, compressed oops, compressed class ptrs, g1 gc, windows-amd64)
# No core dump will be written. Minidumps are not enabled by default on client versions of Windows
#

---------------  S U M M A R Y ------------

Command Line: -XX:TieredStopAtLevel=1 -Dspring.output.ansi.enabled=always -Dcom.sun.management.jmxremote -Dspring.jmx.enabled=true -Dspring.liveBeansView.mbeanDomain -Dspring.application.admin.enabled=true -Dmanagement.endpoints.jmx.exposure.include=* -javaagent:C:\Program Files\JetBrains\IntelliJ IDEA 2025.1.1.1\lib\idea_rt.jar=62118 -Dfile.encoding=UTF-8 -Dsun.stdout.encoding=UTF-8 -Dsun.stderr.encoding=UTF-8 org.example.duwaz.Application

Host: Intel(R) Core(TM) i5-5200U CPU @ 2.20GHz, 4 cores, 7G,  Windows 10 , 64 bit Build 19041 (10.0.19041.5438)
Time: Fri May 16 02:01:15 2025 South Africa Standard Time elapsed time: 0.539588 seconds (0d 0h 0m 0s)

---------------  T H R E A D  ---------------

Current thread (0x0000012ccc07d0d0):  JavaThread "C1 CompilerThread2" daemon [_thread_in_native, id=49624, stack(0x00000006e8f00000,0x00000006e9000000) (1024K)]


Current CompileTask:
C1:539  424       1       jdk.internal.classfile.impl.StackMapGenerator::processBlock (2767 bytes)

Stack: [0x00000006e8f00000,0x00000006e9000000]
Native frames: (J=compiled Java code, j=interpreted, Vv=VM code, C=native code)
V  [jvm.dll+0x730739]  (no source info available)
V  [jvm.dll+0x8d9b23]  (no source info available)
V  [jvm.dll+0x8dc00d]  (no source info available)
V  [jvm.dll+0x8dc683]  (no source info available)
V  [jvm.dll+0x2aa086]  (no source info available)
V  [jvm.dll+0xcedef]  (no source info available)
V  [jvm.dll+0xcf04f]  (no source info available)
V  [jvm.dll+0x179281]  (no source info available)
V  [jvm.dll+0x177cbe]  (no source info available)
V  [jvm.dll+0x17a669]  (no source info available)
V  [jvm.dll+0x17a96f]  (no source info available)
V  [jvm.dll+0x17db99]  (no source info available)
V  [jvm.dll+0x17c39c]  (no source info available)
V  [jvm.dll+0x1759ff]  (no source info available)
V  [jvm.dll+0x186021]  (no source info available)
V  [jvm.dll+0x1710fb]  (no source info available)
V  [jvm.dll+0x1714f3]  (no source info available)
V  [jvm.dll+0x17185b]  (no source info available)
V  [jvm.dll+0x170c2c]  (no source info available)
V  [jvm.dll+0x172a4d]  (no source info available)
V  [jvm.dll+0x27e1fb]  (no source info available)
V  [jvm.dll+0x27c49a]  (no source info available)
V  [jvm.dll+0x42f456]  (no source info available)
V  [jvm.dll+0x87d76b]  (no source info available)
V  [jvm.dll+0x72ee55]  (no source info available)
C  [ucrtbase.dll+0x21bb2]  (no source info available)
C  [KERNEL32.DLL+0x17374]  (no source info available)
C  [ntdll.dll+0x4cc91]  (no source info available)

Lock stack of current Java thread (top to bottom):


---------------  P R O C E S S  ---------------

Threads class SMR info:
_java_thread_list=0x0000012ccc0f2730, length=13, elements={
0x0000012cf50d6b50, 0x0000012cfe6737d0, 0x0000012cfe6755d0, 0x0000012cfe67aa00,
0x0000012cfe67c890, 0x0000012cfe67d3c0, 0x0000012cfe67def0, 0x0000012cfe67ea20,
0x0000012ccc07a930, 0x0000012ccc07d0d0, 0x0000012ccc112e40, 0x0000012ccc33e9d0,
0x0000012ccc33f110
}

Java Threads: ( => current thread )
  0x0000012cf50d6b50 JavaThread "main"                              [_thread_in_vm, id=30600, stack(0x00000006e7f00000,0x00000006e8000000) (1024K)]
  0x0000012cfe6737d0 JavaThread "Reference Handler"          daemon [_thread_blocked, id=60640, stack(0x00000006e8700000,0x00000006e8800000) (1024K)]
  0x0000012cfe6755d0 JavaThread "Finalizer"                  daemon [_thread_blocked, id=55472, stack(0x00000006e8800000,0x00000006e8900000) (1024K)]
  0x0000012cfe67aa00 JavaThread "Signal Dispatcher"          daemon [_thread_blocked, id=59556, stack(0x00000006e8900000,0x00000006e8a00000) (1024K)]
  0x0000012cfe67c890 JavaThread "Attach Listener"            daemon [_thread_blocked, id=31188, stack(0x00000006e8a00000,0x00000006e8b00000) (1024K)]
  0x0000012cfe67d3c0 JavaThread "Service Thread"             daemon [_thread_blocked, id=29484, stack(0x00000006e8b00000,0x00000006e8c00000) (1024K)]
  0x0000012cfe67def0 JavaThread "Monitor Deflation Thread"   daemon [_thread_blocked, id=39620, stack(0x00000006e8c00000,0x00000006e8d00000) (1024K)]
  0x0000012cfe67ea20 JavaThread "C1 CompilerThread0"         daemon [_thread_blocked, id=40544, stack(0x00000006e8d00000,0x00000006e8e00000) (1024K)]
  0x0000012ccc07a930 JavaThread "C1 CompilerThread1"         daemon [_thread_blocked, id=33804, stack(0x00000006e8e00000,0x00000006e8f00000) (1024K)]
=>0x0000012ccc07d0d0 JavaThread "C1 CompilerThread2"         daemon [_thread_in_native, id=49624, stack(0x00000006e8f00000,0x00000006e9000000) (1024K)]
  0x0000012ccc112e40 JavaThread "Common-Cleaner"             daemon [_thread_blocked, id=14216, stack(0x00000006e9000000,0x00000006e9100000) (1024K)]
  0x0000012ccc33e9d0 JavaThread "Monitor Ctrl-Break"         daemon [_thread_in_native, id=64476, stack(0x00000006e9100000,0x00000006e9200000) (1024K)]
  0x0000012ccc33f110 JavaThread "Notification Thread"        daemon [_thread_blocked, id=31068, stack(0x00000006e9200000,0x00000006e9300000) (1024K)]
Total: 13

Other Threads:
  0x0000012cfe661fa0 VMThread "VM Thread"                           [id=4888, stack(0x00000006e8600000,0x00000006e8700000) (1024K)]
  0x0000012cfe6566f0 WatcherThread "VM Periodic Task Thread"        [id=15392, stack(0x00000006e8500000,0x00000006e8600000) (1024K)]
  0x0000012cf512f780 WorkerThread "GC Thread#0"                     [id=56828, stack(0x00000006e8000000,0x00000006e8100000) (1024K)]
  0x0000012cf51443c0 ConcurrentGCThread "G1 Main Marker"            [id=29464, stack(0x00000006e8100000,0x00000006e8200000) (1024K)]
  0x0000012cf5145df0 WorkerThread "G1 Conc#0"                       [id=17108, stack(0x00000006e8200000,0x00000006e8300000) (1024K)]
  0x0000012cfe52c2a0 ConcurrentGCThread "G1 Refine#0"               [id=23896, stack(0x00000006e8300000,0x00000006e8400000) (1024K)]
  0x0000012cfe52ec40 ConcurrentGCThread "G1 Service"                [id=5576, stack(0x00000006e8400000,0x00000006e8500000) (1024K)]
Total: 7

Threads with active compile tasks:
C1 CompilerThread2  575  424       1       jdk.internal.classfile.impl.StackMapGenerator::processBlock (2767 bytes)
Total: 1

VM state: not at safepoint (normal execution)

VM Mutex/Monitor currently owned by a thread:  ([mutex/lock_event])
[0x00007fff835024b0] Metaspace_lock - owner thread: 0x0000012cf50d6b50

Heap address: 0x0000000081400000, size: 2028 MB, Compressed Oops mode: 32-bit

CDS archive(s) mapped at: [0x0000012c87000000-0x0000012c87d40000-0x0000012c87d40000), size 13893632, SharedBaseAddress: 0x0000012c87000000, ArchiveRelocationMode: 1.
Compressed class space mapped at: 0x0000012c88000000-0x0000012cc8000000, reserved size: 1073741824
UseCompressedClassPointers 1, UseCompactObjectHeaders 0
Narrow klass pointer bits 32, Max shift 3
Narrow klass base: 0x0000012c87000000, Narrow klass shift: 0
Encoding Range: [0x0000012c87000000 - 0x0000012d87000000), (4294967296 bytes)
Klass Range:    [0x0000012c87000000 - 0x0000012cc8000000), (1090519040 bytes)
Klass ID Range:  [8 - 1090519033) (1090519025)

GC Precious Log:
 CardTable entry size: 512
 Card Set container configuration: InlinePtr #cards 5 size 8 Array Of Cards #cards 10 size 36 Howl #buckets 4 coarsen threshold 1843 Howl Bitmap #cards 512 size 80 coarsen threshold 460 Card regions per heap region 1 cards per card region 2048
 CPUs: 4 total, 4 available
 Memory: 8107M
 Large Page Support: Disabled
 NUMA Support: Disabled
 Compressed Oops: Enabled (32-bit)
 Heap Region Size: 1M
 Heap Min Capacity: 8M
 Heap Initial Capacity: 128M
 Heap Max Capacity: 2028M
 Pre-touch: Disabled
 Parallel Workers: 4
 Concurrent Workers: 1
 Concurrent Refinement Workers: 4
 Periodic GC: Disabled

Heap:
 garbage-first heap   total reserved 2076672K, committed 133120K, used 9328K [0x0000000081400000, 0x0000000100000000)
  region size 1024K, 7 young (7168K), 0 survivors (0K)
 Metaspace       used 865K, committed 960K, reserved 1114112K
  class space    used 72K, committed 128K, reserved 1048576K

Heap Regions: E=young(eden), S=young(survivor), O=old, HS=humongous(starts), HC=humongous(continues), CS=collection set, F=free, TAMS=top-at-mark-start, PB=parsable bottom
|   0|0x0000000081400000, 0x0000000081500000, 0x0000000081500000|100%|HS|  |TAMS 0x0000000081400000| PB 0x0000000081400000| Complete |  0
|   1|0x0000000081500000, 0x0000000081600000, 0x0000000081600000|100%|HS|  |TAMS 0x0000000081500000| PB 0x0000000081500000| Complete |  0
|   2|0x0000000081600000, 0x0000000081600000, 0x0000000081700000|  0%| F|  |TAMS 0x0000000081600000| PB 0x0000000081600000| Untracked |  0
|   3|0x0000000081700000, 0x0000000081700000, 0x0000000081800000|  0%| F|  |TAMS 0x0000000081700000| PB 0x0000000081700000| Untracked |  0
|   4|0x0000000081800000, 0x0000000081800000, 0x0000000081900000|  0%| F|  |TAMS 0x0000000081800000| PB 0x0000000081800000| Untracked |  0
|   5|0x0000000081900000, 0x0000000081900000, 0x0000000081a00000|  0%| F|  |TAMS 0x0000000081900000| PB 0x0000000081900000| Untracked |  0
|   6|0x0000000081a00000, 0x0000000081a00000, 0x0000000081b00000|  0%| F|  |TAMS 0x0000000081a00000| PB 0x0000000081a00000| Untracked |  0
|   7|0x0000000081b00000, 0x0000000081b00000, 0x0000000081c00000|  0%| F|  |TAMS 0x0000000081b00000| PB 0x0000000081b00000| Untracked |  0
|   8|0x0000000081c00000, 0x0000000081c00000, 0x0000000081d00000|  0%| F|  |TAMS 0x0000000081c00000| PB 0x0000000081c00000| Untracked |  0
|   9|0x0000000081d00000, 0x0000000081d00000, 0x0000000081e00000|  0%| F|  |TAMS 0x0000000081d00000| PB 0x0000000081d00000| Untracked |  0
|  10|0x0000000081e00000, 0x0000000081e00000, 0x0000000081f00000|  0%| F|  |TAMS 0x0000000081e00000| PB 0x0000000081e00000| Untracked |  0
|  11|0x0000000081f00000, 0x0000000081f00000, 0x0000000082000000|  0%| F|  |TAMS 0x0000000081f00000| PB 0x0000000081f00000| Untracked |  0
|  12|0x0000000082000000, 0x0000000082000000, 0x0000000082100000|  0%| F|  |TAMS 0x0000000082000000| PB 0x0000000082000000| Untracked |  0
|  13|0x0000000082100000, 0x0000000082100000, 0x0000000082200000|  0%| F|  |TAMS 0x0000000082100000| PB 0x0000000082100000| Untracked |  0
|  14|0x0000000082200000, 0x0000000082200000, 0x0000000082300000|  0%| F|  |TAMS 0x0000000082200000| PB 0x0000000082200000| Untracked |  0
|  15|0x0000000082300000, 0x0000000082300000, 0x0000000082400000|  0%| F|  |TAMS 0x0000000082300000| PB 0x0000000082300000| Untracked |  0
|  16|0x0000000082400000, 0x0000000082400000, 0x0000000082500000|  0%| F|  |TAMS 0x0000000082400000| PB 0x0000000082400000| Untracked |  0
|  17|0x0000000082500000, 0x0000000082500000, 0x0000000082600000|  0%| F|  |TAMS 0x0000000082500000| PB 0x0000000082500000| Untracked |  0
|  18|0x0000000082600000, 0x0000000082600000, 0x0000000082700000|  0%| F|  |TAMS 0x0000000082600000| PB 0x0000000082600000| Untracked |  0
|  19|0x0000000082700000, 0x0000000082700000, 0x0000000082800000|  0%| F|  |TAMS 0x0000000082700000| PB 0x0000000082700000| Untracked |  0
|  20|0x0000000082800000, 0x0000000082800000, 0x0000000082900000|  0%| F|  |TAMS 0x0000000082800000| PB 0x0000000082800000| Untracked |  0
|  21|0x0000000082900000, 0x0000000082900000, 0x0000000082a00000|  0%| F|  |TAMS 0x0000000082900000| PB 0x0000000082900000| Untracked |  0
|  22|0x0000000082a00000, 0x0000000082a00000, 0x0000000082b00000|  0%| F|  |TAMS 0x0000000082a00000| PB 0x0000000082a00000| Untracked |  0
|  23|0x0000000082b00000, 0x0000000082b00000, 0x0000000082c00000|  0%| F|  |TAMS 0x0000000082b00000| PB 0x0000000082b00000| Untracked |  0
|  24|0x0000000082c00000, 0x0000000082c00000, 0x0000000082d00000|  0%| F|  |TAMS 0x0000000082c00000| PB 0x0000000082c00000| Untracked |  0
|  25|0x0000000082d00000, 0x0000000082d00000, 0x0000000082e00000|  0%| F|  |TAMS 0x0000000082d00000| PB 0x0000000082d00000| Untracked |  0
|  26|0x0000000082e00000, 0x0000000082e00000, 0x0000000082f00000|  0%| F|  |TAMS 0x0000000082e00000| PB 0x0000000082e00000| Untracked |  0
|  27|0x0000000082f00000, 0x0000000082f00000, 0x0000000083000000|  0%| F|  |TAMS 0x0000000082f00000| PB 0x0000000082f00000| Untracked |  0
|  28|0x0000000083000000, 0x0000000083000000, 0x0000000083100000|  0%| F|  |TAMS 0x0000000083000000| PB 0x0000000083000000| Untracked |  0
|  29|0x0000000083100000, 0x0000000083100000, 0x0000000083200000|  0%| F|  |TAMS 0x0000000083100000| PB 0x0000000083100000| Untracked |  0
|  30|0x0000000083200000, 0x0000000083200000, 0x0000000083300000|  0%| F|  |TAMS 0x0000000083200000| PB 0x0000000083200000| Untracked |  0
|  31|0x0000000083300000, 0x0000000083300000, 0x0000000083400000|  0%| F|  |TAMS 0x0000000083300000| PB 0x0000000083300000| Untracked |  0
|  32|0x0000000083400000, 0x0000000083400000, 0x0000000083500000|  0%| F|  |TAMS 0x0000000083400000| PB 0x0000000083400000| Untracked |  0
|  33|0x0000000083500000, 0x0000000083500000, 0x0000000083600000|  0%| F|  |TAMS 0x0000000083500000| PB 0x0000000083500000| Untracked |  0
|  34|0x0000000083600000, 0x0000000083600000, 0x0000000083700000|  0%| F|  |TAMS 0x0000000083600000| PB 0x0000000083600000| Untracked |  0
|  35|0x0000000083700000, 0x0000000083700000, 0x0000000083800000|  0%| F|  |TAMS 0x0000000083700000| PB 0x0000000083700000| Untracked |  0
|  36|0x0000000083800000, 0x0000000083800000, 0x0000000083900000|  0%| F|  |TAMS 0x0000000083800000| PB 0x0000000083800000| Untracked |  0
|  37|0x0000000083900000, 0x0000000083900000, 0x0000000083a00000|  0%| F|  |TAMS 0x0000000083900000| PB 0x0000000083900000| Untracked |  0
|  38|0x0000000083a00000, 0x0000000083a00000, 0x0000000083b00000|  0%| F|  |TAMS 0x0000000083a00000| PB 0x0000000083a00000| Untracked |  0
|  39|0x0000000083b00000, 0x0000000083b00000, 0x0000000083c00000|  0%| F|  |TAMS 0x0000000083b00000| PB 0x0000000083b00000| Untracked |  0
|  40|0x0000000083c00000, 0x0000000083c00000, 0x0000000083d00000|  0%| F|  |TAMS 0x0000000083c00000| PB 0x0000000083c00000| Untracked |  0
|  41|0x0000000083d00000, 0x0000000083d00000, 0x0000000083e00000|  0%| F|  |TAMS 0x0000000083d00000| PB 0x0000000083d00000| Untracked |  0
|  42|0x0000000083e00000, 0x0000000083e00000, 0x0000000083f00000|  0%| F|  |TAMS 0x0000000083e00000| PB 0x0000000083e00000| Untracked |  0
|  43|0x0000000083f00000, 0x0000000083f00000, 0x0000000084000000|  0%| F|  |TAMS 0x0000000083f00000| PB 0x0000000083f00000| Untracked |  0
|  44|0x0000000084000000, 0x0000000084000000, 0x0000000084100000|  0%| F|  |TAMS 0x0000000084000000| PB 0x0000000084000000| Untracked |  0
|  45|0x0000000084100000, 0x0000000084100000, 0x0000000084200000|  0%| F|  |TAMS 0x0000000084100000| PB 0x0000000084100000| Untracked |  0
|  46|0x0000000084200000, 0x0000000084200000, 0x0000000084300000|  0%| F|  |TAMS 0x0000000084200000| PB 0x0000000084200000| Untracked |  0
|  47|0x0000000084300000, 0x0000000084300000, 0x0000000084400000|  0%| F|  |TAMS 0x0000000084300000| PB 0x0000000084300000| Untracked |  0
|  48|0x0000000084400000, 0x0000000084400000, 0x0000000084500000|  0%| F|  |TAMS 0x0000000084400000| PB 0x0000000084400000| Untracked |  0
|  49|0x0000000084500000, 0x0000000084500000, 0x0000000084600000|  0%| F|  |TAMS 0x0000000084500000| PB 0x0000000084500000| Untracked |  0
|  50|0x0000000084600000, 0x0000000084600000, 0x0000000084700000|  0%| F|  |TAMS 0x0000000084600000| PB 0x0000000084600000| Untracked |  0
|  51|0x0000000084700000, 0x0000000084700000, 0x0000000084800000|  0%| F|  |TAMS 0x0000000084700000| PB 0x0000000084700000| Untracked |  0
|  52|0x0000000084800000, 0x0000000084800000, 0x0000000084900000|  0%| F|  |TAMS 0x0000000084800000| PB 0x0000000084800000| Untracked |  0
|  53|0x0000000084900000, 0x0000000084900000, 0x0000000084a00000|  0%| F|  |TAMS 0x0000000084900000| PB 0x0000000084900000| Untracked |  0
|  54|0x0000000084a00000, 0x0000000084a00000, 0x0000000084b00000|  0%| F|  |TAMS 0x0000000084a00000| PB 0x0000000084a00000| Untracked |  0
|  55|0x0000000084b00000, 0x0000000084b00000, 0x0000000084c00000|  0%| F|  |TAMS 0x0000000084b00000| PB 0x0000000084b00000| Untracked |  0
|  56|0x0000000084c00000, 0x0000000084c00000, 0x0000000084d00000|  0%| F|  |TAMS 0x0000000084c00000| PB 0x0000000084c00000| Untracked |  0
|  57|0x0000000084d00000, 0x0000000084d00000, 0x0000000084e00000|  0%| F|  |TAMS 0x0000000084d00000| PB 0x0000000084d00000| Untracked |  0
|  58|0x0000000084e00000, 0x0000000084e00000, 0x0000000084f00000|  0%| F|  |TAMS 0x0000000084e00000| PB 0x0000000084e00000| Untracked |  0
|  59|0x0000000084f00000, 0x0000000084f00000, 0x0000000085000000|  0%| F|  |TAMS 0x0000000084f00000| PB 0x0000000084f00000| Untracked |  0
|  60|0x0000000085000000, 0x0000000085000000, 0x0000000085100000|  0%| F|  |TAMS 0x0000000085000000| PB 0x0000000085000000| Untracked |  0
|  61|0x0000000085100000, 0x0000000085100000, 0x0000000085200000|  0%| F|  |TAMS 0x0000000085100000| PB 0x0000000085100000| Untracked |  0
|  62|0x0000000085200000, 0x0000000085200000, 0x0000000085300000|  0%| F|  |TAMS 0x0000000085200000| PB 0x0000000085200000| Untracked |  0
|  63|0x0000000085300000, 0x0000000085300000, 0x0000000085400000|  0%| F|  |TAMS 0x0000000085300000| PB 0x0000000085300000| Untracked |  0
|  64|0x0000000085400000, 0x0000000085400000, 0x0000000085500000|  0%| F|  |TAMS 0x0000000085400000| PB 0x0000000085400000| Untracked |  0
|  65|0x0000000085500000, 0x0000000085500000, 0x0000000085600000|  0%| F|  |TAMS 0x0000000085500000| PB 0x0000000085500000| Untracked |  0
|  66|0x0000000085600000, 0x0000000085600000, 0x0000000085700000|  0%| F|  |TAMS 0x0000000085600000| PB 0x0000000085600000| Untracked |  0
|  67|0x0000000085700000, 0x0000000085700000, 0x0000000085800000|  0%| F|  |TAMS 0x0000000085700000| PB 0x0000000085700000| Untracked |  0
|  68|0x0000000085800000, 0x0000000085800000, 0x0000000085900000|  0%| F|  |TAMS 0x0000000085800000| PB 0x0000000085800000| Untracked |  0
|  69|0x0000000085900000, 0x0000000085900000, 0x0000000085a00000|  0%| F|  |TAMS 0x0000000085900000| PB 0x0000000085900000| Untracked |  0
|  70|0x0000000085a00000, 0x0000000085a00000, 0x0000000085b00000|  0%| F|  |TAMS 0x0000000085a00000| PB 0x0000000085a00000| Untracked |  0
|  71|0x0000000085b00000, 0x0000000085b00000, 0x0000000085c00000|  0%| F|  |TAMS 0x0000000085b00000| PB 0x0000000085b00000| Untracked |  0
|  72|0x0000000085c00000, 0x0000000085c00000, 0x0000000085d00000|  0%| F|  |TAMS 0x0000000085c00000| PB 0x0000000085c00000| Untracked |  0
|  73|0x0000000085d00000, 0x0000000085d00000, 0x0000000085e00000|  0%| F|  |TAMS 0x0000000085d00000| PB 0x0000000085d00000| Untracked |  0
|  74|0x0000000085e00000, 0x0000000085e00000, 0x0000000085f00000|  0%| F|  |TAMS 0x0000000085e00000| PB 0x0000000085e00000| Untracked |  0
|  75|0x0000000085f00000, 0x0000000085f00000, 0x0000000086000000|  0%| F|  |TAMS 0x0000000085f00000| PB 0x0000000085f00000| Untracked |  0
|  76|0x0000000086000000, 0x0000000086000000, 0x0000000086100000|  0%| F|  |TAMS 0x0000000086000000| PB 0x0000000086000000| Untracked |  0
|  77|0x0000000086100000, 0x0000000086100000, 0x0000000086200000|  0%| F|  |TAMS 0x0000000086100000| PB 0x0000000086100000| Untracked |  0
|  78|0x0000000086200000, 0x0000000086200000, 0x0000000086300000|  0%| F|  |TAMS 0x0000000086200000| PB 0x0000000086200000| Untracked |  0
|  79|0x0000000086300000, 0x0000000086300000, 0x0000000086400000|  0%| F|  |TAMS 0x0000000086300000| PB 0x0000000086300000| Untracked |  0
|  80|0x0000000086400000, 0x0000000086400000, 0x0000000086500000|  0%| F|  |TAMS 0x0000000086400000| PB 0x0000000086400000| Untracked |  0
|  81|0x0000000086500000, 0x0000000086500000, 0x0000000086600000|  0%| F|  |TAMS 0x0000000086500000| PB 0x0000000086500000| Untracked |  0
|  82|0x0000000086600000, 0x0000000086600000, 0x0000000086700000|  0%| F|  |TAMS 0x0000000086600000| PB 0x0000000086600000| Untracked |  0
|  83|0x0000000086700000, 0x0000000086700000, 0x0000000086800000|  0%| F|  |TAMS 0x0000000086700000| PB 0x0000000086700000| Untracked |  0
|  84|0x0000000086800000, 0x0000000086800000, 0x0000000086900000|  0%| F|  |TAMS 0x0000000086800000| PB 0x0000000086800000| Untracked |  0
|  85|0x0000000086900000, 0x0000000086900000, 0x0000000086a00000|  0%| F|  |TAMS 0x0000000086900000| PB 0x0000000086900000| Untracked |  0
|  86|0x0000000086a00000, 0x0000000086a00000, 0x0000000086b00000|  0%| F|  |TAMS 0x0000000086a00000| PB 0x0000000086a00000| Untracked |  0
|  87|0x0000000086b00000, 0x0000000086b00000, 0x0000000086c00000|  0%| F|  |TAMS 0x0000000086b00000| PB 0x0000000086b00000| Untracked |  0
|  88|0x0000000086c00000, 0x0000000086c00000, 0x0000000086d00000|  0%| F|  |TAMS 0x0000000086c00000| PB 0x0000000086c00000| Untracked |  0
|  89|0x0000000086d00000, 0x0000000086d00000, 0x0000000086e00000|  0%| F|  |TAMS 0x0000000086d00000| PB 0x0000000086d00000| Untracked |  0
|  90|0x0000000086e00000, 0x0000000086e00000, 0x0000000086f00000|  0%| F|  |TAMS 0x0000000086e00000| PB 0x0000000086e00000| Untracked |  0
|  91|0x0000000086f00000, 0x0000000086f00000, 0x0000000087000000|  0%| F|  |TAMS 0x0000000086f00000| PB 0x0000000086f00000| Untracked |  0
|  92|0x0000000087000000, 0x0000000087000000, 0x0000000087100000|  0%| F|  |TAMS 0x0000000087000000| PB 0x0000000087000000| Untracked |  0
|  93|0x0000000087100000, 0x0000000087100000, 0x0000000087200000|  0%| F|  |TAMS 0x0000000087100000| PB 0x0000000087100000| Untracked |  0
|  94|0x0000000087200000, 0x0000000087200000, 0x0000000087300000|  0%| F|  |TAMS 0x0000000087200000| PB 0x0000000087200000| Untracked |  0
|  95|0x0000000087300000, 0x0000000087300000, 0x0000000087400000|  0%| F|  |TAMS 0x0000000087300000| PB 0x0000000087300000| Untracked |  0
|  96|0x0000000087400000, 0x0000000087400000, 0x0000000087500000|  0%| F|  |TAMS 0x0000000087400000| PB 0x0000000087400000| Untracked |  0
|  97|0x0000000087500000, 0x0000000087500000, 0x0000000087600000|  0%| F|  |TAMS 0x0000000087500000| PB 0x0000000087500000| Untracked |  0
|  98|0x0000000087600000, 0x0000000087600000, 0x0000000087700000|  0%| F|  |TAMS 0x0000000087600000| PB 0x0000000087600000| Untracked |  0
|  99|0x0000000087700000, 0x0000000087700000, 0x0000000087800000|  0%| F|  |TAMS 0x0000000087700000| PB 0x0000000087700000| Untracked |  0
| 100|0x0000000087800000, 0x0000000087800000, 0x0000000087900000|  0%| F|  |TAMS 0x0000000087800000| PB 0x0000000087800000| Untracked |  0
| 101|0x0000000087900000, 0x0000000087900000, 0x0000000087a00000|  0%| F|  |TAMS 0x0000000087900000| PB 0x0000000087900000| Untracked |  0
| 102|0x0000000087a00000, 0x0000000087a00000, 0x0000000087b00000|  0%| F|  |TAMS 0x0000000087a00000| PB 0x0000000087a00000| Untracked |  0
| 103|0x0000000087b00000, 0x0000000087b00000, 0x0000000087c00000|  0%| F|  |TAMS 0x0000000087b00000| PB 0x0000000087b00000| Untracked |  0
| 104|0x0000000087c00000, 0x0000000087c00000, 0x0000000087d00000|  0%| F|  |TAMS 0x0000000087c00000| PB 0x0000000087c00000| Untracked |  0
| 105|0x0000000087d00000, 0x0000000087d00000, 0x0000000087e00000|  0%| F|  |TAMS 0x0000000087d00000| PB 0x0000000087d00000| Untracked |  0
| 106|0x0000000087e00000, 0x0000000087e00000, 0x0000000087f00000|  0%| F|  |TAMS 0x0000000087e00000| PB 0x0000000087e00000| Untracked |  0
| 107|0x0000000087f00000, 0x0000000087f00000, 0x0000000088000000|  0%| F|  |TAMS 0x0000000087f00000| PB 0x0000000087f00000| Untracked |  0
| 108|0x0000000088000000, 0x0000000088000000, 0x0000000088100000|  0%| F|  |TAMS 0x0000000088000000| PB 0x0000000088000000| Untracked |  0
| 109|0x0000000088100000, 0x0000000088100000, 0x0000000088200000|  0%| F|  |TAMS 0x0000000088100000| PB 0x0000000088100000| Untracked |  0
| 110|0x0000000088200000, 0x0000000088200000, 0x0000000088300000|  0%| F|  |TAMS 0x0000000088200000| PB 0x0000000088200000| Untracked |  0
| 111|0x0000000088300000, 0x0000000088300000, 0x0000000088400000|  0%| F|  |TAMS 0x0000000088300000| PB 0x0000000088300000| Untracked |  0
| 112|0x0000000088400000, 0x0000000088400000, 0x0000000088500000|  0%| F|  |TAMS 0x0000000088400000| PB 0x0000000088400000| Untracked |  0
| 113|0x0000000088500000, 0x0000000088500000, 0x0000000088600000|  0%| F|  |TAMS 0x0000000088500000| PB 0x0000000088500000| Untracked |  0
| 114|0x0000000088600000, 0x0000000088600000, 0x0000000088700000|  0%| F|  |TAMS 0x0000000088600000| PB 0x0000000088600000| Untracked |  0
| 115|0x0000000088700000, 0x0000000088700000, 0x0000000088800000|  0%| F|  |TAMS 0x0000000088700000| PB 0x0000000088700000| Untracked |  0
| 116|0x0000000088800000, 0x0000000088800000, 0x0000000088900000|  0%| F|  |TAMS 0x0000000088800000| PB 0x0000000088800000| Untracked |  0
| 117|0x0000000088900000, 0x0000000088900000, 0x0000000088a00000|  0%| F|  |TAMS 0x0000000088900000| PB 0x0000000088900000| Untracked |  0
| 118|0x0000000088a00000, 0x0000000088a00000, 0x0000000088b00000|  0%| F|  |TAMS 0x0000000088a00000| PB 0x0000000088a00000| Untracked |  0
| 119|0x0000000088b00000, 0x0000000088b00000, 0x0000000088c00000|  0%| F|  |TAMS 0x0000000088b00000| PB 0x0000000088b00000| Untracked |  0
| 120|0x0000000088c00000, 0x0000000088c00000, 0x0000000088d00000|  0%| F|  |TAMS 0x0000000088c00000| PB 0x0000000088c00000| Untracked |  0
| 121|0x0000000088d00000, 0x0000000088e00000, 0x0000000088e00000|100%| E|  |TAMS 0x0000000088d00000| PB 0x0000000088d00000| Complete |  0
| 122|0x0000000088e00000, 0x0000000088f00000, 0x0000000088f00000|100%| E|CS|TAMS 0x0000000088e00000| PB 0x0000000088e00000| Complete |  0
| 123|0x0000000088f00000, 0x0000000089000000, 0x0000000089000000|100%| E|CS|TAMS 0x0000000088f00000| PB 0x0000000088f00000| Complete |  0
| 124|0x0000000089000000, 0x0000000089100000, 0x0000000089100000|100%| E|CS|TAMS 0x0000000089000000| PB 0x0000000089000000| Complete |  0
| 125|0x0000000089100000, 0x0000000089200000, 0x0000000089200000|100%| E|CS|TAMS 0x0000000089100000| PB 0x0000000089100000| Complete |  0
| 126|0x0000000089200000, 0x0000000089300000, 0x0000000089300000|100%| E|CS|TAMS 0x0000000089200000| PB 0x0000000089200000| Complete |  0
| 127|0x0000000089300000, 0x0000000089400000, 0x0000000089400000|100%| E|CS|TAMS 0x0000000089300000| PB 0x0000000089300000| Complete |  0
|2026|0x00000000ffe00000, 0x00000000fff00000, 0x00000000fff00000|100%| O|  |TAMS 0x00000000ffe00000| PB 0x00000000ffe00000| Untracked |  0
|2027|0x00000000fff00000, 0x00000000fff1c288, 0x0000000100000000| 10%| O|  |TAMS 0x00000000fff00000| PB 0x00000000fff00000| Untracked |  0

Card table byte_map: [0x0000012cfdd80000,0x0000012cfe180000] _byte_map_base: 0x0000012cfd976000

Marking Bits: (CMBitMap*) 0x0000012cf512fda0
 Bits: [0x0000012c83000000, 0x0000012c84fb0000)

Polling page: 0x0000012cf2e90000

Metaspace:

Usage:
  Non-class:    792.98 KB used.
      Class:     72.57 KB used.
       Both:    865.55 KB used.

Virtual space:
  Non-class space:       64.00 MB reserved,     832.00 KB (  1%) committed,  1 nodes.
      Class space:        1.00 GB reserved,     128.00 KB ( <1%) committed,  1 nodes.
             Both:        1.06 GB reserved,     960.00 KB ( <1%) committed. 

Chunk freelists:
   Non-Class:  11.96 MB
       Class:  15.73 MB
        Both:  27.70 MB

MaxMetaspaceSize: unlimited
CompressedClassSpaceSize: 1.00 GB
Initial GC threshold: 21.00 MB
Current GC threshold: 21.00 MB
CDS: on
 - commit_granule_bytes: 65536.
 - commit_granule_words: 8192.
 - virtual_space_node_default_size: 8388608.
 - enlarge_chunks_in_place: 1.
UseCompressedClassPointers 1, UseCompactObjectHeaders 0
Narrow klass pointer bits 32, Max shift 3
Narrow klass base: 0x0000012c87000000, Narrow klass shift: 0
Encoding Range: [0x0000012c87000000 - 0x0000012d87000000), (4294967296 bytes)
Klass Range:    [0x0000012c87000000 - 0x0000012cc8000000), (1090519040 bytes)
Klass ID Range:  [8 - 1090519033) (1090519025)


Internal statistics:

num_allocs_failed_limit: 0.
num_arena_births: 28.
num_arena_deaths: 0.
num_vsnodes_births: 2.
num_vsnodes_deaths: 0.
num_space_committed: 15.
num_space_uncommitted: 0.
num_chunks_returned_to_freelist: 0.
num_chunks_taken_from_freelist: 32.
num_chunk_merges: 0.
num_chunk_splits: 22.
num_chunks_enlarged: 13.
num_inconsistent_stats: 0.

CodeCache: size=49152Kb used=2670Kb max_used=2670Kb free=46481Kb
 bounds [0x0000012c80000000, 0x0000012c802a0000, 0x0000012c83000000]
 total_blobs=819, nmethods=427, adapters=317, full_count=0
Compilation: enabled, stopped_count=0, restarted_count=0

Compilation events (20 events):
Event: 0.527 Thread 0x0000012ccc07d0d0 nmethod 413 0x0000012c80296e88 code [0x0000012c80296f80, 0x0000012c80297050]
Event: 0.527 Thread 0x0000012ccc07a930 nmethod 410 0x0000012c80297188 code [0x0000012c802972c0, 0x0000012c80297420]
Event: 0.527 Thread 0x0000012ccc07a930  415       1       jdk.internal.classfile.impl.SplitConstantPool::utf8Entry (45 bytes)
Event: 0.528 Thread 0x0000012ccc07a930 nmethod 415 0x0000012c80297488 code [0x0000012c802975e0, 0x0000012c802978a0]
Event: 0.528 Thread 0x0000012ccc07d0d0  416       1       jdk.internal.classfile.impl.AbstractPoolEntry$ClassEntryImpl::tag (3 bytes)
Event: 0.528 Thread 0x0000012ccc07d0d0 nmethod 416 0x0000012c80297908 code [0x0000012c80297a00, 0x0000012c80297ac8]
Event: 0.528 Thread 0x0000012cfe67ea20 nmethod 414 0x0000012c80297c08 code [0x0000012c80297da0, 0x0000012c802984f8]
Event: 0.528 Thread 0x0000012ccc07a930  417       1       java.lang.Class::getName (18 bytes)
Event: 0.528 Thread 0x0000012ccc07a930 nmethod 417 0x0000012c80298588 code [0x0000012c802986a0, 0x0000012c80298788]
Event: 0.528 Thread 0x0000012ccc07d0d0  418       1       jdk.internal.classfile.impl.AbstractPoolEntry::hash2 (15 bytes)
Event: 0.528 Thread 0x0000012ccc07d0d0 nmethod 418 0x0000012c80298888 code [0x0000012c80298980, 0x0000012c80298a48]
Event: 0.528 Thread 0x0000012ccc07a930  419       1       jdk.internal.classfile.impl.AbstractPoolEntry::hashCode (5 bytes)
Event: 0.528 Thread 0x0000012ccc07a930 nmethod 419 0x0000012c80298b88 code [0x0000012c80298c80, 0x0000012c80298d48]
Event: 0.529 Thread 0x0000012cfe67ea20  420       1       jdk.internal.classfile.impl.BufWriterImpl::writeU2 (38 bytes)
Event: 0.529 Thread 0x0000012cfe67ea20 nmethod 420 0x0000012c80298e88 code [0x0000012c80298fa0, 0x0000012c80299110]
Event: 0.535 Thread 0x0000012ccc07d0d0  424       1       jdk.internal.classfile.impl.StackMapGenerator::processBlock (2767 bytes)
Event: 0.535 Thread 0x0000012cfe67ea20  425       1       jdk.internal.classfile.impl.RawBytecodeHelper::isStoreIntoLocal (18 bytes)
Event: 0.536 Thread 0x0000012cfe67ea20 nmethod 425 0x0000012c80299a88 code [0x0000012c80299b80, 0x0000012c80299c48]
Event: 0.536 Thread 0x0000012cfe67ea20  426       1       java.lang.invoke.MethodType::checkPtypes (76 bytes)
Event: 0.537 Thread 0x0000012cfe67ea20 nmethod 426 0x0000012c8029ac08 code [0x0000012c8029ada0, 0x0000012c8029b2a0]

GC Heap History (0 events):
No events

Dll operation events (8 events):
Event: 0.027 Loaded shared library C:\Users\DELL\.jdks\openjdk-24.0.1-1\bin\java.dll
Event: 0.294 Loaded shared library C:\Users\DELL\.jdks\openjdk-24.0.1-1\bin\zip.dll
Event: 0.299 Loaded shared library C:\Users\DELL\.jdks\openjdk-24.0.1-1\bin\instrument.dll
Event: 0.307 Loaded shared library C:\Users\DELL\.jdks\openjdk-24.0.1-1\bin\net.dll
Event: 0.310 Loaded shared library C:\Users\DELL\.jdks\openjdk-24.0.1-1\bin\nio.dll
Event: 0.320 Loaded shared library C:\Users\DELL\.jdks\openjdk-24.0.1-1\bin\zip.dll
Event: 0.512 Loaded shared library C:\Users\DELL\.jdks\openjdk-24.0.1-1\bin\jimage.dll
Event: 0.524 Loaded shared library C:\Users\DELL\.jdks\openjdk-24.0.1-1\bin\extnet.dll

Deoptimization events (0 events):
No events

Classes loaded (20 events):
Event: 0.535 Loading class sun/nio/cs/US_ASCII$Decoder done
Event: 0.536 Loading class jdk/internal/event/SocketReadEvent
Event: 0.536 Loading class jdk/internal/event/Event
Event: 0.536 Loading class jdk/internal/event/Event done
Event: 0.536 Loading class jdk/internal/event/SocketReadEvent done
Event: 0.536 Loading class sun/nio/ch/Util
Event: 0.536 Loading class java/util/stream/Nodes$FixedNodeBuilder
Event: 0.536 Loading class sun/nio/ch/Util done
Event: 0.536 Loading class java/util/stream/Nodes$ArrayNode
Event: 0.536 Loading class java/util/stream/Nodes$ArrayNode done
Event: 0.536 Loading class sun/nio/ch/Util$1
Event: 0.536 Loading class java/util/stream/Nodes$FixedNodeBuilder done
Event: 0.536 Loading class sun/nio/ch/Util$1 done
Event: 0.536 Loading class sun/nio/ch/Util$BufferCache
Event: 0.537 Loading class sun/nio/ch/Util$BufferCache done
Event: 0.537 Loading class sun/net/InetAddressCachePolicy
Event: 0.537 Loading class sun/net/InetAddressCachePolicy done
Event: 0.537 Loading class java/security/Security
Event: 0.537 Loading class java/security/Security done
Event: 0.537 Loading class java/security/Security$1

Classes unloaded (0 events):
No events

Classes redefined (0 events):
No events

Internal exceptions (5 events):
Event: 0.490 Thread 0x0000012cf50d6b50 Exception <a 'java/lang/NoSuchMethodError'{0x0000000088edb088}: 'void java.lang.invoke.DirectMethodHandle$Holder.invokeStatic(java.lang.Object, java.lang.Object, java.lang.Object)'> (0x0000000088edb088) 
thrown [s\open\src\hotspot\share\interpreter\linkResolver.cpp, line 805]
Event: 0.500 Thread 0x0000012cf50d6b50 Exception <a 'java/lang/NoSuchMethodError'{0x0000000088d0fc68}: 'java.lang.Object java.lang.invoke.Invokers$Holder.invokeExact_MT(java.lang.Object, java.lang.Object, java.lang.Object, java.lang.Object, java.lang.Object)'> (0x0000000088d0fc68) 
thrown [s\open\src\hotspot\share\interpreter\linkResolver.cpp, line 805]
Event: 0.520 Thread 0x0000012ccc33e9d0 Exception <a 'java/lang/NoSuchMethodError'{0x0000000088d85298}: 'java.lang.Object java.lang.invoke.DirectMethodHandle$Holder.invokeStaticInit(java.lang.Object)'> (0x0000000088d85298) 
thrown [s\open\src\hotspot\share\interpreter\linkResolver.cpp, line 805]
Event: 0.527 Thread 0x0000012ccc33e9d0 Exception <a 'java/lang/NoSuchMethodError'{0x0000000088d8fec8}: 'void java.lang.invoke.DirectMethodHandle$Holder.invokeStatic(java.lang.Object, java.lang.Object)'> (0x0000000088d8fec8) 
thrown [s\open\src\hotspot\share\interpreter\linkResolver.cpp, line 805]
Event: 0.533 Thread 0x0000012cf50d6b50 Exception <a 'java/net/UnknownHostException'{0x0000000088d3e100}> (0x0000000088d3e100) 
thrown [s\open\src\hotspot\share\prims\jni.cpp, line 518]

VM Operations (2 events):
Event: 0.264 Executing VM operation: HandshakeAllThreads (Deoptimize)
Event: 0.264 Executing VM operation: HandshakeAllThreads (Deoptimize) done

Memory protections (0 events):
No events

Nmethod flushes (0 events):
No events

Events (13 events):
Event: 0.064 Thread 0x0000012cf50d6b50 Thread added: 0x0000012cf50d6b50
Event: 0.100 Thread 0x0000012cf50d6b50 Thread added: 0x0000012cfe6737d0
Event: 0.100 Thread 0x0000012cf50d6b50 Thread added: 0x0000012cfe6755d0
Event: 0.100 Thread 0x0000012cf50d6b50 Thread added: 0x0000012cfe67aa00
Event: 0.101 Thread 0x0000012cf50d6b50 Thread added: 0x0000012cfe67c890
Event: 0.101 Thread 0x0000012cf50d6b50 Thread added: 0x0000012cfe67d3c0
Event: 0.101 Thread 0x0000012cf50d6b50 Thread added: 0x0000012cfe67def0
Event: 0.101 Thread 0x0000012cf50d6b50 Thread added: 0x0000012cfe67ea20
Event: 0.268 Thread 0x0000012cfe67ea20 Thread added: 0x0000012ccc07a930
Event: 0.268 Thread 0x0000012cfe67ea20 Thread added: 0x0000012ccc07d0d0
Event: 0.303 Thread 0x0000012cf50d6b50 Thread added: 0x0000012ccc112e40
Event: 0.505 Thread 0x0000012cf50d6b50 Thread added: 0x0000012ccc33e9d0
Event: 0.505 Thread 0x0000012cf50d6b50 Thread added: 0x0000012ccc33f110


Dynamic libraries:
0x00007ff70cdf0000 - 0x00007ff70cdfe000 	C:\Users\DELL\.jdks\openjdk-24.0.1-1\bin\java.exe
0x00007fffea2d0000 - 0x00007fffea4c8000 	C:\Windows\SYSTEM32\ntdll.dll
0x00007fffe88b0000 - 0x00007fffe8972000 	C:\Windows\System32\KERNEL32.DLL
0x00007fffe7a90000 - 0x00007fffe7d8f000 	C:\Windows\System32\KERNELBASE.dll
0x00007fffe7ff0000 - 0x00007fffe80f0000 	C:\Windows\System32\ucrtbase.dll
0x00007fffd1940000 - 0x00007fffd1956000 	C:\Users\DELL\.jdks\openjdk-24.0.1-1\bin\jli.dll
0x00007fffea0f0000 - 0x00007fffea28d000 	C:\Windows\System32\USER32.dll
0x00007fffe7d90000 - 0x00007fffe7db2000 	C:\Windows\System32\win32u.dll
0x00007fffe8770000 - 0x00007fffe879b000 	C:\Windows\System32\GDI32.dll
0x00007fffe7970000 - 0x00007fffe7a8a000 	C:\Windows\System32\gdi32full.dll
0x00007fffe7f00000 - 0x00007fffe7f9d000 	C:\Windows\System32\msvcp_win.dll
0x00007fffd44b0000 - 0x00007fffd44cb000 	C:\Users\DELL\.jdks\openjdk-24.0.1-1\bin\VCRUNTIME140.dll
0x00007fffcedc0000 - 0x00007fffcf05a000 	C:\Windows\WinSxS\amd64_microsoft.windows.common-controls_6595b64144ccf1df_6.0.19041.4355_none_60b8b9eb71f62e16\COMCTL32.dll
0x00007fffe87a0000 - 0x00007fffe883e000 	C:\Windows\System32\msvcrt.dll
0x00007fffe8d40000 - 0x00007fffe8d6f000 	C:\Windows\System32\IMM32.DLL
0x00007fffe1dd0000 - 0x00007fffe1ddc000 	C:\Users\DELL\.jdks\openjdk-24.0.1-1\bin\vcruntime140_1.dll
0x00007fffb91a0000 - 0x00007fffb922e000 	C:\Users\DELL\.jdks\openjdk-24.0.1-1\bin\msvcp140.dll
0x00007fff82840000 - 0x00007fff835e2000 	C:\Users\DELL\.jdks\openjdk-24.0.1-1\bin\server\jvm.dll
0x00007fffe9e50000 - 0x00007fffe9eff000 	C:\Windows\System32\ADVAPI32.dll
0x00007fffea050000 - 0x00007fffea0ef000 	C:\Windows\System32\sechost.dll
0x00007fffe8a50000 - 0x00007fffe8b73000 	C:\Windows\System32\RPCRT4.dll
0x00007fffe82c0000 - 0x00007fffe82e7000 	C:\Windows\System32\bcrypt.dll
0x00007fffe8c70000 - 0x00007fffe8cdb000 	C:\Windows\System32\WS2_32.dll
0x00007fffe77d0000 - 0x00007fffe781b000 	C:\Windows\SYSTEM32\POWRPROF.dll
0x00007fffd9f70000 - 0x00007fffd9f97000 	C:\Windows\SYSTEM32\WINMM.dll
0x00007fffd9020000 - 0x00007fffd902a000 	C:\Windows\SYSTEM32\VERSION.dll
0x00007fffe77b0000 - 0x00007fffe77c2000 	C:\Windows\SYSTEM32\UMPDC.dll
0x00007fffe57f0000 - 0x00007fffe5802000 	C:\Windows\SYSTEM32\kernel.appcore.dll
0x00007fffdfb30000 - 0x00007fffdfb3a000 	C:\Users\DELL\.jdks\openjdk-24.0.1-1\bin\jimage.dll
0x00007fffe1000000 - 0x00007fffe11e4000 	C:\Windows\SYSTEM32\DBGHELP.DLL
0x00007fffe0c10000 - 0x00007fffe0c44000 	C:\Windows\SYSTEM32\dbgcore.DLL
0x00007fffe7dc0000 - 0x00007fffe7e42000 	C:\Windows\System32\bcryptPrimitives.dll
0x00007fffe2f90000 - 0x00007fffe2f9f000 	C:\Users\DELL\.jdks\openjdk-24.0.1-1\bin\instrument.dll
0x00007fffd0f80000 - 0x00007fffd0f9e000 	C:\Users\DELL\.jdks\openjdk-24.0.1-1\bin\java.dll
0x00007fffe9f00000 - 0x00007fffea02b000 	C:\Windows\System32\ole32.dll
0x00007fffe8e80000 - 0x00007fffe91d5000 	C:\Windows\System32\combase.dll
0x00007fffe9550000 - 0x00007fffe9cbd000 	C:\Windows\System32\SHELL32.dll
0x00007fffe59f0000 - 0x00007fffe6194000 	C:\Windows\SYSTEM32\windows.storage.dll
0x00007fffe72d0000 - 0x00007fffe72fb000 	C:\Windows\SYSTEM32\Wldp.dll
0x00007fffe8980000 - 0x00007fffe8a4d000 	C:\Windows\System32\OLEAUT32.dll
0x00007fffe9da0000 - 0x00007fffe9e4d000 	C:\Windows\System32\SHCORE.dll
0x00007fffe8e20000 - 0x00007fffe8e75000 	C:\Windows\System32\shlwapi.dll
0x00007fffe78a0000 - 0x00007fffe78c5000 	C:\Windows\SYSTEM32\profapi.dll
0x00007fffd0750000 - 0x00007fffd0767000 	C:\Users\DELL\.jdks\openjdk-24.0.1-1\bin\zip.dll
0x00007fffdb280000 - 0x00007fffdb290000 	C:\Users\DELL\.jdks\openjdk-24.0.1-1\bin\net.dll
0x00007fffe7030000 - 0x00007fffe709c000 	C:\Windows\system32\mswsock.dll
0x00007fffd0890000 - 0x00007fffd08a6000 	C:\Users\DELL\.jdks\openjdk-24.0.1-1\bin\nio.dll
0x00007fffd6170000 - 0x00007fffd6179000 	C:\Users\DELL\.jdks\openjdk-24.0.1-1\bin\extnet.dll
0x00007fffe6d50000 - 0x00007fffe6e1a000 	C:\Windows\SYSTEM32\DNSAPI.dll
0x00007fffe6d10000 - 0x00007fffe6d4b000 	C:\Windows\SYSTEM32\IPHLPAPI.DLL
0x00007fffe94b0000 - 0x00007fffe94b8000 	C:\Windows\System32\NSI.dll
0x00007fffd9d70000 - 0x00007fffd9d7a000 	C:\Windows\System32\rasadhlp.dll

JVMTI agents:
C:\Program Files\JetBrains\IntelliJ IDEA 2025.1.1.1\lib\idea_rt.jar path:C:\Users\DELL\.jdks\openjdk-24.0.1-1\bin\instrument.dll, loaded, initialized, instrumentlib options:62118

dbghelp: loaded successfully - version: 4.0.5 - missing functions: none
symbol engine: initialized successfully - sym options: 0x614 - pdb path: .;C:\Users\DELL\.jdks\openjdk-24.0.1-1\bin;C:\Windows\SYSTEM32;C:\Windows\WinSxS\amd64_microsoft.windows.common-controls_6595b64144ccf1df_6.0.19041.4355_none_60b8b9eb71f62e16;C:\Users\DELL\.jdks\openjdk-24.0.1-1\bin\server

VM Arguments:
jvm_args: -XX:TieredStopAtLevel=1 -Dspring.output.ansi.enabled=always -Dcom.sun.management.jmxremote -Dspring.jmx.enabled=true -Dspring.liveBeansView.mbeanDomain -Dspring.application.admin.enabled=true -Dmanagement.endpoints.jmx.exposure.include=* -javaagent:C:\Program Files\JetBrains\IntelliJ IDEA 2025.1.1.1\lib\idea_rt.jar=62118 -Dfile.encoding=UTF-8 -Dsun.stdout.encoding=UTF-8 -Dsun.stderr.encoding=UTF-8 
java_command: org.example.duwaz.Application
java_class_path (initial): C:\Users\DELL\IdeaProjects\DUWAZ.0\target\classes;C:\Users\DELL\.m2\repository\org\springframework\boot\spring-boot-starter\3.4.5\spring-boot-starter-3.4.5.jar;C:\Users\DELL\.m2\repository\org\springframework\boot\spring-boot\3.4.5\spring-boot-3.4.5.jar;C:\Users\DELL\.m2\repository\org\springframework\spring-context\6.2.6\spring-context-6.2.6.jar;C:\Users\DELL\.m2\repository\org\springframework\spring-expression\6.2.6\spring-expression-6.2.6.jar;C:\Users\DELL\.m2\repository\io\micrometer\micrometer-observation\1.14.6\micrometer-observation-1.14.6.jar;C:\Users\DELL\.m2\repository\io\micrometer\micrometer-commons\1.14.6\micrometer-commons-1.14.6.jar;C:\Users\DELL\.m2\repository\org\springframework\boot\spring-boot-autoconfigure\3.4.5\spring-boot-autoconfigure-3.4.5.jar;C:\Users\DELL\.m2\repository\org\springframework\boot\spring-boot-starter-logging\3.4.5\spring-boot-starter-logging-3.4.5.jar;C:\Users\DELL\.m2\repository\ch\qos\logback\logback-classic\1.5.18\logback-classic-1.5.18.jar;C:\Users\DELL\.m2\repository\ch\qos\logback\logback-core\1.5.18\logback-core-1.5.18.jar;C:\Users\DELL\.m2\repository\org\apache\logging\log4j\log4j-to-slf4j\2.24.3\log4j-to-slf4j-2.24.3.jar;C:\Users\DELL\.m2\repository\org\apache\logging\log4j\log4j-api\2.24.3\log4j-api-2.24.3.jar;C:\Users\DELL\.m2\repository\org\slf4j\jul-to-slf4j\2.0.17\jul-to-slf4j-2.0.17.jar;C:\Users\DELL\.m2\repository\jakarta\annotation\jakarta.annotation-api\2.1.1\jakarta.annotation-api-2.1.1.jar;C:\Users\DELL\.m2\repository\org\springframework\spring-core\6.2.6\spring-core-6.2.6.jar;C:\Users\DELL\.m2\repository\org\springframework\spring-jcl\6.2.6\spring-jcl-6.2.6.jar;C:\Users\DELL\.m2\repository\org\yaml\snakeyaml\2.3\snakeyaml-2.3.jar;C:\Users\DELL\.m2\repository\org\slf4j\slf4j-api\2.0.17\slf4j-api-2.0.17.jar;C:\Users\DELL\.m2\repository\jakarta\xml\bind\jakarta.xml.bind-api\4.0.2\jakarta.xml.bind-api-4.0.2.jar;C:\Users\DELL\.m2\repository\jakarta\activation\jakarta.activation-api\2.1.3\jakarta.activation-api-2.1.3.jar;C:\Users\DELL\.m2\repository\net\bytebuddy\byte-buddy\1.15.11\byte-buddy-1.15.11.jar;C:\Users\DELL\.m2\repository\org\springframework\boot\spring-boot-starter-data-jpa\3.4.5\spring-boot-starter-data-jpa-3.4.5.jar;C:\Users\DELL\.m2\repository\org\springframework\boot\spring-boot-starter-jdbc\3.4.5\spring-boot-starter-jdbc-3.4.5.jar;C:\Users\DELL\.m2\repository\com\zaxxer\HikariCP\5.1.0\HikariCP-5.1.0.jar;C:\Users\DELL\.m2\repository\org\springframework\spring-jdbc\6.2.6\spring-jdbc-6.2.6.jar;C:\Users\DELL\.m2\repository\org\hibernate\orm\hibernate-core\6.6.13.Final\hibernate-core-6.6.13.Final.jar;C:\Users\DELL\.m2\repository\jakarta\persistence\jakarta.persistence-api\3.1.0\jakarta.persistence-api-3.1.0.jar;C:\Users\DELL\.m2\repository\jakarta\transaction\jakarta.transaction-api\2.0.1\jakarta.transaction-api-2.0.1.jar;C:\Users\DELL\.m2\repository\org\jboss\logging\jboss-logging\3.6.1.Final\jboss-logging-3.6.1.Final.jar;C:\Users\DELL\.m2\repository\org\hibernate\common\hibernate-commons-annotations\7.0.3.Final\hibernate-commons-annotations-7.0.3.Final.jar;C:\Users\DELL\.m2\repository\io\smallrye\jandex\3.2.0\jandex-3.2.0.jar;C:\Users\DELL\.m2\repository\com\fasterxml\classmate\1.7.0\classmate-1.7.0.jar;C:\Users\DELL\.m2\repository\org\glassfish\jaxb\jaxb-runtime\4.0.5\jaxb-runtime-4.0.5.jar;C:\Users\DELL\.m2\repository\org\glassfish\jaxb\jaxb-core\4.0.5\jaxb-core-4.0.5.jar;C:\Users\DELL\.m2\repository\org\eclipse\angus\angus-activation\2.0.2\angus-activation-2.0.2.jar;C:\Users\DELL\.m2\repository\org\glassfish\jaxb\txw2\4.0.5\txw2-4.0.5.jar;C:\Users\DELL\.m2\repository\com\sun\istack\istack-commons-runtime\4.1.2\istack-commons-runtime-4.1.2.jar;C:\Users\DELL\.m2\repository\jakarta\inject\jakarta.inject-api\2.0.1\jakarta.inject-api-2.0.1.jar;C:\Users\DELL\.m2\repository\org\antlr\antlr4-runtime\4.13.0\antlr4-runtime-4.13.0.jar;C:\Users\DELL\.m2\repository\org\springframework\data\spring-data-jpa\3.4.5\spring-data-jpa-3.4.5.jar;C:\Users\DELL\.m2\repository\org\springframework\data\spring-data-commons\3.4.5\spring-data-commons-3.4.5.jar;C:\Users\DELL\.m2\repository\org\springframework\spring-orm\6.2.6\spring-orm-6.2.6.jar;C:\Users\DELL\.m2\repository\org\springframework\spring-aop\6.2.6\spring-aop-6.2.6.jar;C:\Users\DELL\.m2\repository\org\springframework\spring-tx\6.2.6\spring-tx-6.2.6.jar;C:\Users\DELL\.m2\repository\org\springframework\spring-beans\6.2.6\spring-beans-6.2.6.jar;C:\Users\DELL\.m2\repository\org\springframework\spring-aspects\6.2.6\spring-aspects-6.2.6.jar;C:\Users\DELL\.m2\repository\org\aspectj\aspectjweaver\1.9.24\aspectjweaver-1.9.24.jar;C:\Users\DELL\.m2\repository\com\mysql\mysql-connector-j\9.1.0\mysql-connector-j-9.1.0.jar
Launcher Type: SUN_STANDARD

[Global flags]
     intx CICompilerCount                          = 3                                         {product} {ergonomic}
     uint ConcGCThreads                            = 1                                         {product} {ergonomic}
     uint G1ConcRefinementThreads                  = 4                                         {product} {ergonomic}
   size_t G1HeapRegionSize                         = 1048576                                   {product} {ergonomic}
   size_t InitialHeapSize                          = 134217728                                 {product} {ergonomic}
     bool ManagementServer                         = true                                      {product} {command line}
   size_t MarkStackSize                            = 4194304                                   {product} {ergonomic}
   size_t MarkStackSizeMax                         = 536870912                                 {product} {ergonomic}
   size_t MaxHeapSize                              = 2126512128                                {product} {ergonomic}
   size_t MaxNewSize                               = 1275068416                                {product} {ergonomic}
   size_t MinHeapDeltaBytes                        = 1048576                                   {product} {ergonomic}
   size_t MinHeapSize                              = 8388608                                   {product} {ergonomic}
    uintx NonNMethodCodeHeapSize                   = 4096                                   {pd product} {ergonomic}
    uintx NonProfiledCodeHeapSize                  = 0                                      {pd product} {ergonomic}
     bool ProfileInterpreter                       = false                                  {pd product} {command line}
    uintx ProfiledCodeHeapSize                     = 0                                      {pd product} {ergonomic}
   size_t SoftMaxHeapSize                          = 2126512128                             {manageable} {ergonomic}
     intx TieredStopAtLevel                        = 1                                         {product} {command line}
     bool UseCompressedOops                        = true                           {product lp64_product} {ergonomic}
     bool UseG1GC                                  = true                                      {product} {ergonomic}
     bool UseLargePagesIndividualAllocation        = false                                  {pd product} {ergonomic}

Logging:
Log output configuration:
 #0: stdout all=warning uptime,level,tags foldmultilines=false
 #1: stderr all=off uptime,level,tags foldmultilines=false

Environment Variables:
PATH=C:\Program Files\Common Files\Oracle\Java\javapath;C:\Windows\system32;C:\Windows;C:\Windows\System32\Wbem;C:\Windows\System32\WindowsPowerShell\v1.0\;C:\Windows\System32\OpenSSH\;C:\Program Files\dotnet\;C:\Users\DELL\AppData\Local\Microsoft\WindowsApps;C:\Users\DELL\AppData\Local\Muse Hub\lib
USERNAME=DELL
OS=Windows_NT
PROCESSOR_IDENTIFIER=Intel64 Family 6 Model 61 Stepping 4, GenuineIntel
TMP=C:\Users\DELL\AppData\Local\Temp
TEMP=C:\Users\DELL\AppData\Local\Temp




Periodic native trim disabled

---------------  S Y S T E M  ---------------

OS:
 Windows 10 , 64 bit Build 19041 (10.0.19041.5438)
OS uptime: 24 days 12:48 hours

CPU: total 4 (initial active 4) (2 cores per cpu, 2 threads per core) family 6 model 61 stepping 4 microcode 0x2d, cx8, cmov, fxsr, ht, mmx, 3dnowpref, sse, sse2, sse3, ssse3, sse4.1, sse4.2, popcnt, lzcnt, tsc, tscinvbit, avx, avx2, aes, erms, clmul, bmi1, bmi2, adx, fma, vzeroupper, clflush, rdtscp, f16c
Processor Information for the first 4 processors :
  Max Mhz: 2201, Current Mhz: 2200, Mhz Limit: 2178

Memory: 4k page, system-wide physical 8107M (1001M free)
TotalPageFile size 32683M (AvailPageFile size 190M)
current process WorkingSet (physical memory assigned to process): 44M, peak: 44M
current process commit charge ("private bytes"): 201M, peak: 201M

vm_info: OpenJDK 64-Bit Server VM (24.0.1+9-30) for windows-amd64 JRE (24.0.1+9-30), built on 2025-03-05T07:23:45Z with MS VC++ 17.6 (VS2022)

END.
